../Core/Src/main.c:72:5:main	32	static
../Core/Src/main.c:147:6:SystemClock_Config	88	static
../Core/Src/main.c:194:13:MX_ADC1_Init	24	static
../Core/Src/main.c:246:13:MX_TIM4_Init	64	static
../Core/Src/main.c:313:13:MX_TIM6_Init	16	static
../Core/Src/main.c:351:13:MX_TIM7_Init	16	static
../Core/Src/main.c:389:13:MX_USART1_UART_Init	8	static
../Core/Src/main.c:422:13:MX_USART3_UART_Init	8	static
../Core/Src/main.c:455:13:MX_GPIO_Init	48	static
../Core/Src/main.c:484:5:__io_putchar	16	static
../Core/Src/main.c:495:6:Error_Handler	4	static,ignoring_inline_asm
