../Core/Src/main.c:74:5:main	48	static
../Core/Src/main.c:154:6:SystemClock_Config	88	static
../Core/Src/main.c:201:13:MX_ADC1_Init	24	static
../Core/Src/main.c:253:13:MX_TIM4_Init	64	static
../Core/Src/main.c:320:13:MX_TIM6_Init	16	static
../Core/Src/main.c:358:13:MX_TIM7_Init	16	static
../Core/Src/main.c:396:13:MX_USART3_UART_Init	8	static
../Core/Src/main.c:429:13:MX_GPIO_Init	48	static
../Core/Src/main.c:459:6:HAL_TIM_PeriodElapsedCallback	16	static
../Core/Src/main.c:465:6:HAL_GPIO_EXTI_Callback	16	static
../Core/Src/main.c:471:6:HAL_TIM_PWM_MspInit	40	static
../Core/Src/main.c:490:6:Error_Handler	4	static,ignoring_inline_asm
