../Core/Src/main.c:74:5:main	8
../Core/Src/main.c:154:6:SystemClock_Config	3
../Core/Src/main.c:201:13:MX_ADC1_Init	3
../Core/Src/main.c:253:13:MX_TIM4_Init	8
../Core/Src/main.c:320:13:MX_TIM6_Init	3
../Core/Src/main.c:358:13:MX_TIM7_Init	3
../Core/Src/main.c:396:13:MX_USART3_UART_Init	2
../Core/Src/main.c:429:13:MX_GPIO_Init	1
../Core/Src/main.c:459:6:HAL_TIM_PeriodElapsedCallback	2
../Core/Src/main.c:465:6:HAL_GPIO_EXTI_Callback	2
../Core/Src/main.c:471:6:HAL_TIM_PWM_MspInit	2
../Core/Src/main.c:490:6:Error_Handler	1
